// Jest Snapshot v1, https://goo.gl/fbAQLP

exports[`getTripPlanner should throw an error if the request fails 1`] = `"Request failed"`;
